// Copyright (c) Microsoft Corporation.
// Licensed under the MIT license.
// Code generated by k8s-infra-gen. DO NOT EDIT.
package v20200101

type Test struct {
	Foo              *Foo     `json:"foo,omitempty"`
	FooAlias         *Foo     `json:"fooAlias,omitempty"`
	StringAlias      *string  `json:"stringAlias,omitempty"`
	StringArrayAlias []string `json:"stringArrayAlias,omitempty"`
}

type Foo struct {
	Name *string `json:"name,omitempty"`
}
