// Copyright (c) Microsoft Corporation.
// Licensed under the MIT license.
// Code generated by k8s-infra-gen. DO NOT EDIT.
package v20200101

type Test struct {
	Length *int `json:"length,omitempty"`
	Width  *int `json:"width,omitempty"`
}
