// Copyright (c) Microsoft Corporation.
// Licensed under the MIT license.
// Code generated by k8s-infra-gen. DO NOT EDIT.
package v20200101

type Test struct {

	// +kubebuilder:validation:Required
	Color TestColor `json:"color"`
}

// +kubebuilder:validation:Enum={"blue","green","red"}
type TestColor string

const (
	TestColorBlue  = TestColor("blue")
	TestColorGreen = TestColor("green")
	TestColorRed   = TestColor("red")
)
