// Copyright (c) Microsoft Corporation.
// Licensed under the MIT license.
// Code generated by k8s-infra-gen. DO NOT EDIT.
package v20200101

type Test struct {

	// +kubebuilder:validation:Required
	Required string `json:"required"`
}
