// Copyright (c) Microsoft Corporation.
// Licensed under the MIT license.
// Code generated by k8s-infra-gen. DO NOT EDIT.
package v20200101

type Test struct {
	MyEnum *TestMyEnum `json:"myEnum,omitempty"`
}

// +kubebuilder:validation:Enum={true}
type TestMyEnum bool

const TestMyEnumTrue = TestMyEnum(true)
