// Copyright (c) Microsoft Corporation.
// Licensed under the MIT license.
// Code generated by k8s-infra-gen. DO NOT EDIT.
package v20200101

type Test struct {
	Tags *Test_Tags `json:"tags,omitempty"`
}

type Test_Tags struct {
	OtherField           *string            `json:"otherField,omitempty"`
	additionalProperties map[string]float64 `json:"additionalProperties"`
}
